syscalls.c:45:6:ITM_SendChar	16	static
syscalls.c:66:6:initialise_monitor_handles	4	static
syscalls.c:70:5:_getpid	4	static
syscalls.c:75:5:_kill	16	static
syscalls.c:81:6:_exit	16	static
syscalls.c:87:27:_read	32	static
syscalls.c:99:27:_write	32	static
syscalls.c:110:5:_close	16	static
syscalls.c:116:5:_fstat	16	static
syscalls.c:122:5:_isatty	16	static
syscalls.c:127:5:_lseek	24	static
syscalls.c:132:5:_open	12	static
syscalls.c:138:5:_wait	16	static
syscalls.c:144:5:_unlink	16	static
syscalls.c:150:5:_times	16	static
syscalls.c:155:5:_stat	16	static
syscalls.c:161:5:_link	16	static
syscalls.c:167:5:_fork	8	static
syscalls.c:173:5:_execve	24	static
